src/app/admin/edit-user-form.tsx(30,53): error TS2307: Cannot find module '../ui/alert' or its corresponding type declarations.
src/app/admin/edit-user-form.tsx(63,13): error TS2322: Type 'UserRole' is not assignable to type '"admin" | "member" | "non-member" | undefined'.
  Type '"guest"' is not assignable to type '"admin" | "member" | "non-member" | undefined'.
src/app/players/[id]/page.tsx(87,92): error TS2552: Cannot find name 'activeSeasonsQuery'. Did you mean 'activeSeasons'?
src/components/admin/edit-match-form.tsx(231,29): error TS2367: This comparison appears to be unintentional because the types '"Team 1" | "Team 2"' and '"Draw"' have no overlap.
src/components/admin/edit-match-form.tsx(415,55): error TS7006: Parameter 'id' implicitly has an 'any' type.
src/components/admin/edit-match-form.tsx(510,95): error TS7006: Parameter 'value' implicitly has an 'any' type.
src/components/admin/edit-user-form.tsx(65,13): error TS2322: Type 'UserRole' is not assignable to type '"admin" | "member" | "non-member" | undefined'.
  Type '"guest"' is not assignable to type '"admin" | "member" | "non-member" | undefined'.
src/components/admin/match-form.tsx(360,29): error TS2367: This comparison appears to be unintentional because the types '"Team 1" | "Team 2"' and '"Draw"' have no overlap.
src/components/admin/match-form.tsx(378,46): error TS2367: This comparison appears to be unintentional because the types '"Team 1" | "Team 2"' and '"Draw"' have no overlap.
src/components/admin/match-form.tsx(1012,95): error TS7006: Parameter 'value' implicitly has an 'any' type.
src/components/admin/product-form.tsx(125,7): error TS2322: Type 'unknown[]' is not assignable to type 'string[]'.
  Type 'unknown' is not assignable to type 'string'.
src/components/admin/season-management.tsx(197,43): error TS2345: Argument of type 'Partial<TierThresholds>' is not assignable to parameter of type 'TierThresholds'.
  Types of property 'beginner' are incompatible.
    Type '{ min: number; max: number; } | undefined' is not assignable to type '{ min: number; max: number; }'.
      Type 'undefined' is not assignable to type '{ min: number; max: number; }'.
src/components/admin/season-management.tsx(215,57): error TS2345: Argument of type 'Partial<TierThresholds>' is not assignable to parameter of type 'TierThresholds'.
  Types of property 'beginner' are incompatible.
    Type '{ min: number; max: number; } | undefined' is not assignable to type '{ min: number; max: number; }'.
      Type 'undefined' is not assignable to type '{ min: number; max: number; }'.
src/components/admin/season-management.tsx(217,60): error TS2345: Argument of type 'Partial<Record<Tier, number>>' is not assignable to parameter of type 'Record<Tier, number>'.
  Types of property 'beginner' are incompatible.
    Type 'number | undefined' is not assignable to type 'number'.
      Type 'undefined' is not assignable to type 'number'.
src/components/admin/season-management.tsx(219,44): error TS2345: Argument of type 'Partial<TierThresholds>' is not assignable to parameter of type 'TierThresholds'.
  Types of property 'beginner' are incompatible.
    Type '{ min: number; max: number; } | undefined' is not assignable to type '{ min: number; max: number; }'.
      Type 'undefined' is not assignable to type '{ min: number; max: number; }'.
src/components/icons/tier-badges.tsx(28,5): error TS2353: Object literal may only specify known properties, and 'Rookie' does not exist in type 'Record<Tier, { colors: [string, string]; icon: string; }>'.
src/components/layout/theme-toggle.tsx(22,11): error TS2322: Type '"ghost"' is not assignable to type '"default" | "outline" | null | undefined'.
src/components/theme-provider.tsx(5,41): error TS2307: Cannot find module 'next-themes/dist/types' or its corresponding type declarations.
src/components/ui/calendar.tsx(60,9): error TS2353: Object literal may only specify known properties, and 'IconLeft' does not exist in type 'Partial<CustomComponents>'.
src/components/ui/calendar.tsx(62,39): error TS2339: Property 'children' does not exist on type '{ components: CustomComponents; classNames: ClassNames; options?: DropdownOption[] | undefined; } & Omit<SelectHTMLAttributes<HTMLSelectElement>, "children">'.
